08:18:00 **** Incremental Build of configuration Debug for project Bootloader_Project ****
make -j16 all 
arm-none-eabi-gcc "../Core/Src/main.c" -mcpu=cortex-m4 -std=gnu11 -g3 -DDEBUG -DUSE_HAL_DRIVER -DSTM32F446xx -c -I../Core/Inc -I../Drivers/STM32F4xx_HAL_Driver/Inc -I../Drivers/STM32F4xx_HAL_Driver/Inc/Legacy -I../Drivers/CMSIS/Device/ST/STM32F4xx/Include -I../Drivers/CMSIS/Include -O0 -ffunction-sections -fdata-sections -Wall -fstack-usage -fcyclomatic-complexity -MMD -MP -MF"Core/Src/main.d" -MT"Core/Src/main.o" --specs=nano.specs -mfpu=fpv4-sp-d16 -mfloat-abi=hard -mthumb -o "Core/Src/main.o"
arm-none-eabi-gcc -o "Bootloader_Project.elf" @"objects.list"   -mcpu=cortex-m4 -T"D:\Bootloader Project\Bootloader_Project\STM32F446RETX_FLASH.ld" --specs=nosys.specs -Wl,-Map="Bootloader_Project.map" -Wl,--gc-sections -static --specs=nano.specs -mfpu=fpv4-sp-d16 -mfloat-abi=hard -mthumb -Wl,--start-group -lc -lm -Wl,--end-group
Finished building target: Bootloader_Project.elf
 
arm-none-eabi-size  Bootloader_Project.elf 
arm-none-eabi-objdump -h -S Bootloader_Project.elf  > "Bootloader_Project.list"
   text	   data	    bss	    dec	    hex	filename
  15788	     92	   2060	  17940	   4614	Bootloader_Project.elf
arm-none-eabi-objcopy  -O ihex Bootloader_Project.elf  "Bootloader_Project.hex"
Finished building: default.size.stdout
arm-none-eabi-objcopy  -O binary Bootloader_Project.elf  "Bootloader_Project.bin"
arm-none-eabi-objcopy  -O verilog Bootloader_Project.elf  "Bootloader_Project.verilog"
arm-none-eabi-objcopy  -O srec Bootloader_Project.elf  "Bootloader_Project.srec"
 
Finished building: Bootloader_Project.list
Finished building: Bootloader_Project.hex
Finished building: Bootloader_Project.bin
Finished building: Bootloader_Project.verilog
Finished building: Bootloader_Project.srec
 
 
 
 
 

08:18:02 Build Finished. 0 errors, 0 warnings. (took 1s.290ms)

